// Jest Snapshot v1, https://goo.gl/fbAQLP

exports[`<Landing /> renders 1`] = `
<div
  className="landing-container"
>
  <h1
    className="landing-app-name"
  >
    organice
  </h1>
  <h2
    className="landing-tagline"
  >
    Edit your org files online.
  </h2>
  <h2
    className="landing-tagline"
  >
    Optimized for mobile.
  </h2>
  <h2
    className="landing-tagline"
  >
    Syncs with Dropbox
    <br />
    and Google Drive.
  </h2>
  <a
    href="/sample"
    onClick={[Function]}
  >
    <div
      className="btn landing-button view-sample-button"
    >
      View sample
    </div>
  </a>
  <a
    href="/sign_in"
    onClick={[Function]}
  >
    <div
      className="btn landing-button"
    >
      Sign in
    </div>
  </a>
  <div
    className="mailing-list-signup-container"
  >
    Interested in getting updates about organice? Sign up for the
     
    <a
      href="http://eepurl.com/dK5F9w"
      rel="noopener noreferrer"
      target="_blank"
    >
      mailing list
    </a>
     
    (Or check out some
     
    <a
      href="https://us19.campaign-archive.com/home/?u=36b9d8082ddb55e6cc7e22339&id=f427625e31"
      rel="noopener noreferrer"
      target="_blank"
    >
      past emails
    </a>
     
    before you sign up)
  </div>
</div>
`;
