// Jest Snapshot v1, https://goo.gl/fbAQLP

exports[`<Landing /> renders 1`] = `
<div>
  <main>
    <div
      class="landing-container"
    >
      <h1
        class="landing-app-name"
      >
        organice
      </h1>
      <img
        alt="Logo"
        class="landing-logo"
        src="organice.svg"
      />
      <h2
        class="landing-tagline"
      >
        organice organizes Org files nicely!
      </h2>
      <h2
        class="landing-tagline"
      >
        Syncs with Dropbox,
        <br />
         Google Drive and WebDAV.
      </h2>
      <a
        href="/sample"
      >
        <div
          class="btn landing-button view-sample-button"
        >
          View sample
        </div>
      </a>
      <a
        href="/sign_in"
      >
        <div
          class="btn landing-button"
        >
          Sign in
        </div>
      </a>
    </div>
    <footer>
      <a
        href="/privacy-policy"
      >
        Privacy Policy
      </a>
    </footer>
  </main>
</div>
`;
